Using pre-set license
Built from '2022.3/staging' branch; Version is '2022.3.57f1 (9d8bd91adc0a) revision 10324953'; Using compiler version '192829333'; Build Type 'Release'
OS: 'Windows 11  (10.0.26100) 64bit Core' Language: 'en' Physical Memory: 32097 MB
BatchMode: 1, IsHumanControllingUs: 0, StartBugReporterOnCrash: 0, Is64bit: 1, IsPro: 1

COMMAND LINE ARGUMENTS:
C:\Program Files\Unity\Hub\Editor\2022.3.57f1\Editor\Unity.exe
-adb2
-batchMode
-noUpm
-name
AssetImportWorker2
-projectPath
C:/UnityGames/TerrariumControl
-logFile
Logs/AssetImportWorker2.log
-srvPort
49586
Successfully changed project path to: C:/UnityGames/TerrariumControl
C:/UnityGames/TerrariumControl
[UnityMemory] Configuration Parameters - Can be set up in boot.config
    "memorysetup-bucket-allocator-granularity=16"
    "memorysetup-bucket-allocator-bucket-count=8"
    "memorysetup-bucket-allocator-block-size=33554432"
    "memorysetup-bucket-allocator-block-count=8"
    "memorysetup-main-allocator-block-size=16777216"
    "memorysetup-thread-allocator-block-size=16777216"
    "memorysetup-gfx-main-allocator-block-size=16777216"
    "memorysetup-gfx-thread-allocator-block-size=16777216"
    "memorysetup-cache-allocator-block-size=4194304"
    "memorysetup-typetree-allocator-block-size=2097152"
    "memorysetup-profiler-bucket-allocator-granularity=16"
    "memorysetup-profiler-bucket-allocator-bucket-count=8"
    "memorysetup-profiler-bucket-allocator-block-size=33554432"
    "memorysetup-profiler-bucket-allocator-block-count=8"
    "memorysetup-profiler-allocator-block-size=16777216"
    "memorysetup-profiler-editor-allocator-block-size=1048576"
    "memorysetup-temp-allocator-size-main=16777216"
    "memorysetup-job-temp-allocator-block-size=2097152"
    "memorysetup-job-temp-allocator-block-size-background=1048576"
    "memorysetup-job-temp-allocator-reduction-small-platforms=262144"
    "memorysetup-allocator-temp-initial-block-size-main=262144"
    "memorysetup-allocator-temp-initial-block-size-worker=262144"
    "memorysetup-temp-allocator-size-background-worker=32768"
    "memorysetup-temp-allocator-size-job-worker=262144"
    "memorysetup-temp-allocator-size-preload-manager=33554432"
    "memorysetup-temp-allocator-size-nav-mesh-worker=65536"
    "memorysetup-temp-allocator-size-audio-worker=65536"
    "memorysetup-temp-allocator-size-cloud-worker=32768"
    "memorysetup-temp-allocator-size-gi-baking-worker=262144"
    "memorysetup-temp-allocator-size-gfx=262144"
Player connection [56812]  Target information:

Player connection [56812]  * "[IP] 192.168.0.122 [Port] 0 [Flags] 2 [Guid] 2795054554 [EditorId] 2795054554 [Version] 1048832 [Id] WindowsEditor(7,Lemmiwinks) [Debug] 1 [PackageName] WindowsEditor [ProjectName] Editor" 

Player connection [56812] Host joined multi-casting on [225.0.0.222:54997]...
Player connection [56812] Host joined alternative multi-casting on [225.0.0.222:34997]...
Input System module state changed to: Initialized.
[PhysX] Initialized MultithreadedTaskDispatcher with 12 workers.
Refreshing native plugins compatible for Editor in 19.47 ms, found 4 plugins.
Preloading 0 native plugins for Editor in 0.00 ms.
Initialize engine version: 2022.3.57f1 (9d8bd91adc0a)
[Subsystems] Discovering subsystems at path C:/Program Files/Unity/Hub/Editor/2022.3.57f1/Editor/Data/Resources/UnitySubsystems
[Subsystems] Discovering subsystems at path C:/UnityGames/TerrariumControl/Assets
GfxDevice: creating device client; threaded=0; jobified=0
Direct3D:
    Version:  Direct3D 11.0 [level 11.1]
    Renderer: NVIDIA GeForce GTX 1650 (ID=0x1f99)
    Vendor:   NVIDIA
    VRAM:     3937 MB
    Driver:   32.0.15.6119
Initialize mono
Mono path[0] = 'C:/Program Files/Unity/Hub/Editor/2022.3.57f1/Editor/Data/Managed'
Mono path[1] = 'C:/Program Files/Unity/Hub/Editor/2022.3.57f1/Editor/Data/MonoBleedingEdge/lib/mono/unityjit-win32'
Mono config path = 'C:/Program Files/Unity/Hub/Editor/2022.3.57f1/Editor/Data/MonoBleedingEdge/etc'
Using monoOptions --debugger-agent=transport=dt_socket,embedding=1,server=y,suspend=n,address=127.0.0.1:56624
Begin MonoManager ReloadAssembly
Registering precompiled unity dll's ...
Register platform support module: C:/Program Files/Unity/Hub/Editor/2022.3.57f1/Editor/Data/PlaybackEngines/AndroidPlayer/UnityEditor.Android.Extensions.dll
Register platform support module: C:/Program Files/Unity/Hub/Editor/2022.3.57f1/Editor/Data/PlaybackEngines/WindowsStandaloneSupport/UnityEditor.WindowsStandalone.Extensions.dll
Registered in 0.007977 seconds.
- Loaded All Assemblies, in  0.375 seconds
Native extension for WindowsStandalone target not found
Native extension for Android target not found
Android Extension - Scanning For ADB Devices 322 ms
Mono: successfully reloaded assembly
- Finished resetting the current domain, in  0.628 seconds
Domain Reload Profiling: 1002ms
	BeginReloadAssembly (114ms)
		ExecutionOrderSort (0ms)
		DisableScriptedObjects (0ms)
		BackupInstance (0ms)
		ReleaseScriptingObjects (0ms)
		CreateAndSetChildDomain (1ms)
	RebuildCommonClasses (37ms)
	RebuildNativeTypeToScriptingClass (10ms)
	initialDomainReloadingComplete (61ms)
	LoadAllAssembliesAndSetupDomain (151ms)
		LoadAssemblies (113ms)
		RebuildTransferFunctionScriptingTraits (0ms)
		AnalyzeDomain (147ms)
			TypeCache.Refresh (146ms)
				TypeCache.ScanAssembly (132ms)
			ScanForSourceGeneratedMonoScriptInfo (0ms)
			ResolveRequiredComponents (1ms)
	FinalizeReload (629ms)
		ReleaseScriptCaches (0ms)
		RebuildScriptCaches (0ms)
		SetupLoadedEditorAssemblies (580ms)
			LogAssemblyErrors (0ms)
			InitializePlatformSupportModulesInManaged (401ms)
			SetLoadedEditorAssemblies (5ms)
			RefreshPlugins (0ms)
			BeforeProcessingInitializeOnLoad (3ms)
			ProcessInitializeOnLoadAttributes (126ms)
			ProcessInitializeOnLoadMethodAttributes (46ms)
			AfterProcessingInitializeOnLoad (0ms)
			EditorAssembliesLoaded (0ms)
		ExecutionOrderSort2 (0ms)
		AwakeInstancesAfterBackupRestoration (0ms)
========================================================================
Worker process is ready to serve import requests
Caller must complete domain reload
0x00007ff72fe236ad (Unity) StackWalker::GetCurrentCallstack
0x00007ff72fe28789 (Unity) StackWalker::ShowCallstack
0x00007ff730e1c9e1 (Unity) GetStacktrace
0x00007ff7314d8dee (Unity) DebugStringToFile
0x00007ff7314d8b2a (Unity) AssertImplementation
0x00007ff730cb996c (Unity) Internal_ADB_WorkerOnly_DomainReload
0x00007ff7311a1884 (Unity) WorkerDomainReloadV2
0x00007ff7311c24af (Unity) <lambda_943be6b2c5671afd01d59371cf3ef730>::operator()
0x00007ff7311fe2c2 (Unity) asio::detail::completion_handler<core::mutable_function<void __cdecl(void)>,asio::io_context::basic_executor_type<std::allocator<void>,0> >::do_complete
0x00007ff7311ea26e (Unity) asio::detail::win_iocp_io_context::do_one
0x00007ff7311ebe9e (Unity) asio::detail::win_iocp_io_context::run
0x00007ff7311fc66c (Unity) IOService::Run
0x00007ff7311cfacf (Unity) AssetImportWorkerClient::Run
0x00007ff73119b437 (Unity) RunAssetImportWorkerClientV2
0x00007ff73119b4bb (Unity) RunAssetImporterV2
0x00007ff73099247e (Unity) Application::InitializeProject
0x00007ff730e27685 (Unity) WinMain
0x00007ff7321f23fe (Unity) __scrt_common_main_seh
0x00007ffd82bee8d7 (KERNEL32) BaseThreadInitThunk
0x00007ffd843dc34c (ntdll) RtlUserThreadStart

Begin MonoManager ReloadAssembly
Symbol file LoadedFromMemory is not a mono symbol file
- Loaded All Assemblies, in  9.101 seconds
Native extension for WindowsStandalone target not found
Native extension for Android target not found
Mono: successfully reloaded assembly
Package Manager log level set to [2]
[Package Manager] Server::EnsureServerProcessIsRunning -- launch failed, reason: Unity was launched with the -noUpm command-line argument
[Package Manager] UpmClient::Send -- Unable to send message (not connected to UPM process).
[Package Manager] Cannot connect to Unity Package Manager local server
[Package Manager] Server::EnsureServerProcessIsRunning -- launch failed, reason: Unity was launched with the -noUpm command-line argument
[Package Manager] UpmClient::Send -- Unable to send message (not connected to UPM process).
[Package Manager] Cannot connect to Unity Package Manager local server
- Finished resetting the current domain, in  1.036 seconds
Domain Reload Profiling: 10134ms
	BeginReloadAssembly (149ms)
		ExecutionOrderSort (0ms)
		DisableScriptedObjects (5ms)
		BackupInstance (0ms)
		ReleaseScriptingObjects (0ms)
		CreateAndSetChildDomain (26ms)
	RebuildCommonClasses (32ms)
	RebuildNativeTypeToScriptingClass (9ms)
	initialDomainReloadingComplete (38ms)
	LoadAllAssembliesAndSetupDomain (8870ms)
		LoadAssemblies (8304ms)
		RebuildTransferFunctionScriptingTraits (0ms)
		AnalyzeDomain (651ms)
			TypeCache.Refresh (618ms)
				TypeCache.ScanAssembly (541ms)
			ScanForSourceGeneratedMonoScriptInfo (26ms)
			ResolveRequiredComponents (5ms)
	FinalizeReload (1036ms)
		ReleaseScriptCaches (0ms)
		RebuildScriptCaches (0ms)
		SetupLoadedEditorAssemblies (854ms)
			LogAssemblyErrors (0ms)
			InitializePlatformSupportModulesInManaged (23ms)
			SetLoadedEditorAssemblies (9ms)
			RefreshPlugins (0ms)
			BeforeProcessingInitializeOnLoad (135ms)
			ProcessInitializeOnLoadAttributes (631ms)
			ProcessInitializeOnLoadMethodAttributes (51ms)
			AfterProcessingInitializeOnLoad (5ms)
			EditorAssembliesLoaded (0ms)
		ExecutionOrderSort2 (0ms)
		AwakeInstancesAfterBackupRestoration (7ms)
Launched and connected shader compiler UnityShaderCompiler.exe after 0.07 seconds
Refreshing native plugins compatible for Editor in 16.18 ms, found 4 plugins.
Preloading 0 native plugins for Editor in 0.00 ms.
Unloading 4331 Unused Serialized files (Serialized files now loaded: 0)
Unloading 33 unused Assets / (58.0 KB). Loaded Objects now: 4802.
Memory consumption went from 149.8 MB to 149.8 MB.
Total: 5.367200 ms (FindLiveObjects: 0.352800 ms CreateObjectMapping: 0.142400 ms MarkObjects: 4.731700 ms  DeleteObjects: 0.139100 ms)

AssetImportParameters requested are different than current active one (requested -> active):
  custom:container-demuxer-ogg: 62fdf1f143b41e24485cea50d1cbac27 -> 
  custom:video-codec-MediaFoundation-h265: 746d11721c4dcdbdad8f713fa42b33f4 -> 
  custom:video-decoder-ogg-theora: a1e56fd34408186e4bbccfd4996cb3dc -> 
  custom:framework-win-MediaFoundation: 216162199b28c13a410421893ffa2e32 -> 
  custom:CustomObjectIndexerAttribute: 9a22284fe3817be447336de3de66b15e -> 
  custom:container-demuxer-webm: 4f35f7cbe854078d1ac9338744f61a02 -> 
  custom:container-muxer-webm: aa71ff27fc2769a1b78a27578f13a17b -> 
  custom:video-decoder-webm-vp8: 9c59270c3fd7afecdb556c50c9e8de78 -> 
  custom:SearchIndexIgnoredProperties: e643bd26f0fe6173181afceb89e7c659 -> 
  custom:AudioImporter_EditorPlatform: d09bf68614088b80899f8185d706f6e7 -> 
  custom:video-encoder-webm-vp8: eb34c28f22e8b96e1ab97ce403110664 -> 
  custom:audio-decoder-ogg-vorbis: bf7c407c2cedff20999df2af8eb42d56 -> 
  custom:audio-encoder-webm-vorbis: bf7c407c2cedff20999df2af8eb42d56 -> 
========================================================================
Received Import Request.
  Time since last request: 155394.929299 seconds.
  path: Assets/Fonts/DSEG7-Classic/DSEG7Classic-BoldItalic.ttf
  artifactKey: Guid(b35c6bd897fdda149bc4ad8f3bb80888) Importer(815301076,1909f56bfc062723c751e8b465ee728b)
Start importing Assets/Fonts/DSEG7-Classic/DSEG7Classic-BoldItalic.ttf using Guid(b35c6bd897fdda149bc4ad8f3bb80888) Importer(815301076,1909f56bfc062723c751e8b465ee728b) [PhysX] Initialized MultithreadedTaskDispatcher with 12 workers.
[PhysX] Initialized MultithreadedTaskDispatcher with 12 workers.
[PhysX] Initialized MultithreadedTaskDispatcher with 12 workers.
 -> (artifact id: '37e3d2fc32d8518201c9008310a25167') in 0.135418 seconds
Number of updated asset objects reloaded before import = 0
Number of asset objects unloaded after import = 4
========================================================================
Received Import Request.
  Time since last request: 0.000040 seconds.
  path: Assets/Fonts/DSEG7-Classic/DSEG7Classic-Italic.ttf
  artifactKey: Guid(70d6f53e3221335428ed8bf51ea6efd9) Importer(815301076,1909f56bfc062723c751e8b465ee728b)
Start importing Assets/Fonts/DSEG7-Classic/DSEG7Classic-Italic.ttf using Guid(70d6f53e3221335428ed8bf51ea6efd9) Importer(815301076,1909f56bfc062723c751e8b465ee728b) [PhysX] Initialized MultithreadedTaskDispatcher with 12 workers.
[PhysX] Initialized MultithreadedTaskDispatcher with 12 workers.
[PhysX] Initialized MultithreadedTaskDispatcher with 12 workers.
 -> (artifact id: '394a866024a723e04702cd69ea9e5d23') in 0.011682 seconds
Number of updated asset objects reloaded before import = 0
Number of asset objects unloaded after import = 4
========================================================================
Received Import Request.
  Time since last request: 90.459978 seconds.
  path: Assets/Fonts/DSEG7-Classic-MINI
  artifactKey: Guid(0f5af90c81aa196459f336d1a360d76c) Importer(815301076,1909f56bfc062723c751e8b465ee728b)
Start importing Assets/Fonts/DSEG7-Classic-MINI using Guid(0f5af90c81aa196459f336d1a360d76c) Importer(815301076,1909f56bfc062723c751e8b465ee728b) [PhysX] Initialized MultithreadedTaskDispatcher with 12 workers.
 -> (artifact id: '3d9e5373228516fb2e0dd9a35b32505b') in 0.000660 seconds
Number of updated asset objects reloaded before import = 0
Number of asset objects unloaded after import = 0
========================================================================
Received Import Request.
  Time since last request: 1.966329 seconds.
  path: Assets/Fonts/DSEG7-7SEGG-CHAN
  artifactKey: Guid(9887e2dccbe6d224db5d0568e622fd3b) Importer(815301076,1909f56bfc062723c751e8b465ee728b)
Start importing Assets/Fonts/DSEG7-7SEGG-CHAN using Guid(9887e2dccbe6d224db5d0568e622fd3b) Importer(815301076,1909f56bfc062723c751e8b465ee728b) [PhysX] Initialized MultithreadedTaskDispatcher with 12 workers.
 -> (artifact id: '5f7ec5cc03d200ce436a688d8667a431') in 0.000642 seconds
Number of updated asset objects reloaded before import = 0
Number of asset objects unloaded after import = 0
========================================================================
Received Import Request.
  Time since last request: 2.115497 seconds.
  path: Assets/Fonts/DSEG7-7SEGG-CHAN/DSEG7SEGGCHAN-Regular.ttf
  artifactKey: Guid(a2b94e7a2d3241a4a8ee8765165cebca) Importer(815301076,1909f56bfc062723c751e8b465ee728b)
Start importing Assets/Fonts/DSEG7-7SEGG-CHAN/DSEG7SEGGCHAN-Regular.ttf using Guid(a2b94e7a2d3241a4a8ee8765165cebca) Importer(815301076,1909f56bfc062723c751e8b465ee728b) [PhysX] Initialized MultithreadedTaskDispatcher with 12 workers.
[PhysX] Initialized MultithreadedTaskDispatcher with 12 workers.
[PhysX] Initialized MultithreadedTaskDispatcher with 12 workers.
 -> (artifact id: '8d8fed1ad16e5edc99ac7f6e9fb00b3d') in 0.036689 seconds
Number of updated asset objects reloaded before import = 0
Number of asset objects unloaded after import = 4
========================================================================
Received Import Request.
  Time since last request: 10.771730 seconds.
  path: Assets/Fonts/DSEG7-7SEGG-CHAN/DSEG7SEGGCHAN-Regular SDF.asset
  artifactKey: Guid(9ecdd30140b131b4f9a810a90aa50585) Importer(815301076,1909f56bfc062723c751e8b465ee728b)
Start importing Assets/Fonts/DSEG7-7SEGG-CHAN/DSEG7SEGGCHAN-Regular SDF.asset using Guid(9ecdd30140b131b4f9a810a90aa50585) Importer(815301076,1909f56bfc062723c751e8b465ee728b) [PhysX] Initialized MultithreadedTaskDispatcher with 12 workers.
[PhysX] Initialized MultithreadedTaskDispatcher with 12 workers.
[PhysX] Initialized MultithreadedTaskDispatcher with 12 workers.
 -> (artifact id: 'dff497002ef9a1920785a1a84f2cd71d') in 0.055145 seconds
Number of updated asset objects reloaded before import = 0
Number of asset objects unloaded after import = 6
========================================================================
Received Import Request.
  Time since last request: 17.398841 seconds.
  path: Assets/Fonts/DSEG7-Classic
  artifactKey: Guid(c5351d0b1234d6a428a562e4ac87ad8f) Importer(815301076,1909f56bfc062723c751e8b465ee728b)
Start importing Assets/Fonts/DSEG7-Classic using Guid(c5351d0b1234d6a428a562e4ac87ad8f) Importer(815301076,1909f56bfc062723c751e8b465ee728b) [PhysX] Initialized MultithreadedTaskDispatcher with 12 workers.
 -> (artifact id: 'f14bfce66aac98088d6a6555e7e64946') in 0.000610 seconds
Number of updated asset objects reloaded before import = 0
Number of asset objects unloaded after import = 0
========================================================================
Received Import Request.
  Time since last request: 1.246403 seconds.
  path: Assets/Fonts/DSEG7-Classic/DSEG7Classic-Regular SDF.asset
  artifactKey: Guid(480eb994d3e35ce4996c6b5626ba02a8) Importer(815301076,1909f56bfc062723c751e8b465ee728b)
Start importing Assets/Fonts/DSEG7-Classic/DSEG7Classic-Regular SDF.asset using Guid(480eb994d3e35ce4996c6b5626ba02a8) Importer(815301076,1909f56bfc062723c751e8b465ee728b) [PhysX] Initialized MultithreadedTaskDispatcher with 12 workers.
[PhysX] Initialized MultithreadedTaskDispatcher with 12 workers.
[PhysX] Initialized MultithreadedTaskDispatcher with 12 workers.
 -> (artifact id: 'cc4263f0bd795a7022fc93acb238e495') in 0.091007 seconds
Number of updated asset objects reloaded before import = 0
Number of asset objects unloaded after import = 6
========================================================================
Received Import Request.
  Time since last request: 3.977392 seconds.
  path: Assets/Fonts/DSEG14-Modern
  artifactKey: Guid(aac6860fe6bf80844ac6c4a84e295dc6) Importer(815301076,1909f56bfc062723c751e8b465ee728b)
Start importing Assets/Fonts/DSEG14-Modern using Guid(aac6860fe6bf80844ac6c4a84e295dc6) Importer(815301076,1909f56bfc062723c751e8b465ee728b) [PhysX] Initialized MultithreadedTaskDispatcher with 12 workers.
 -> (artifact id: '0656f81777573e2830f0fe5d1fab80d4') in 0.000624 seconds
Number of updated asset objects reloaded before import = 0
Number of asset objects unloaded after import = 0
========================================================================
Received Import Request.
  Time since last request: 1.011791 seconds.
  path: Assets/Fonts/DSEG14-Modern/DSEG14Modern-Bold.ttf
  artifactKey: Guid(b3748fcc993543842be0a927ab4630df) Importer(815301076,1909f56bfc062723c751e8b465ee728b)
Start importing Assets/Fonts/DSEG14-Modern/DSEG14Modern-Bold.ttf using Guid(b3748fcc993543842be0a927ab4630df) Importer(815301076,1909f56bfc062723c751e8b465ee728b) [PhysX] Initialized MultithreadedTaskDispatcher with 12 workers.
[PhysX] Initialized MultithreadedTaskDispatcher with 12 workers.
[PhysX] Initialized MultithreadedTaskDispatcher with 12 workers.
 -> (artifact id: '0859244718e562caca4f32733bd0ff06') in 0.016604 seconds
Number of updated asset objects reloaded before import = 0
Number of asset objects unloaded after import = 4
========================================================================
Received Import Request.
  Time since last request: 0.000022 seconds.
  path: Assets/Fonts/DSEG14-Modern/DSEG14Modern-Light.ttf
  artifactKey: Guid(a99f12ee0b4c4bc478e05fce966c8735) Importer(815301076,1909f56bfc062723c751e8b465ee728b)
Start importing Assets/Fonts/DSEG14-Modern/DSEG14Modern-Light.ttf using Guid(a99f12ee0b4c4bc478e05fce966c8735) Importer(815301076,1909f56bfc062723c751e8b465ee728b) [PhysX] Initialized MultithreadedTaskDispatcher with 12 workers.
[PhysX] Initialized MultithreadedTaskDispatcher with 12 workers.
[PhysX] Initialized MultithreadedTaskDispatcher with 12 workers.
 -> (artifact id: '71f536a42f602f3b0795a3b21584e802') in 0.012388 seconds
Number of updated asset objects reloaded before import = 0
Number of asset objects unloaded after import = 4
========================================================================
Received Import Request.
  Time since last request: 0.000016 seconds.
  path: Assets/Fonts/DSEG14-Modern/DSEG14Modern-Regular.ttf
  artifactKey: Guid(7e403d187f6b72b4a9a3005817431b76) Importer(815301076,1909f56bfc062723c751e8b465ee728b)
Start importing Assets/Fonts/DSEG14-Modern/DSEG14Modern-Regular.ttf using Guid(7e403d187f6b72b4a9a3005817431b76) Importer(815301076,1909f56bfc062723c751e8b465ee728b) [PhysX] Initialized MultithreadedTaskDispatcher with 12 workers.
[PhysX] Initialized MultithreadedTaskDispatcher with 12 workers.
[PhysX] Initialized MultithreadedTaskDispatcher with 12 workers.
 -> (artifact id: '098bdcc5dede2feb58f3a288349f9cd1') in 0.011627 seconds
Number of updated asset objects reloaded before import = 0
Number of asset objects unloaded after import = 4
========================================================================
Received Import Request.
  Time since last request: 3.834265 seconds.
  path: Assets/Fonts/DSEG14-Modern/DSEG14Modern-Regular.woff
  artifactKey: Guid(968cc6543beff2741a1ede1f47db1aba) Importer(815301076,1909f56bfc062723c751e8b465ee728b)
Start importing Assets/Fonts/DSEG14-Modern/DSEG14Modern-Regular.woff using Guid(968cc6543beff2741a1ede1f47db1aba) Importer(815301076,1909f56bfc062723c751e8b465ee728b) [PhysX] Initialized MultithreadedTaskDispatcher with 12 workers.
 -> (artifact id: '53bb21340d052ca23c6ec493e2d5d134') in 0.001623 seconds
Number of updated asset objects reloaded before import = 0
Number of asset objects unloaded after import = 1
========================================================================
Received Import Request.
  Time since last request: 9.754217 seconds.
  path: Assets/Fonts/DSEG14-Modern/DSEG14Modern-Regular SDF.asset
  artifactKey: Guid(b45f834052400634499c34b2e528bb0d) Importer(815301076,1909f56bfc062723c751e8b465ee728b)
Start importing Assets/Fonts/DSEG14-Modern/DSEG14Modern-Regular SDF.asset using Guid(b45f834052400634499c34b2e528bb0d) Importer(815301076,1909f56bfc062723c751e8b465ee728b) [PhysX] Initialized MultithreadedTaskDispatcher with 12 workers.
[PhysX] Initialized MultithreadedTaskDispatcher with 12 workers.
[PhysX] Initialized MultithreadedTaskDispatcher with 12 workers.
 -> (artifact id: '9060793c02d60d0e91e642c03ee293b9') in 0.045966 seconds
Number of updated asset objects reloaded before import = 0
Number of asset objects unloaded after import = 6
========================================================================
Received Import Request.
  Time since last request: 18.602016 seconds.
  path: Assets/Fonts/DSEG14-Modern-MINI
  artifactKey: Guid(320052358c70178439756529c23cf84d) Importer(815301076,1909f56bfc062723c751e8b465ee728b)
Start importing Assets/Fonts/DSEG14-Modern-MINI using Guid(320052358c70178439756529c23cf84d) Importer(815301076,1909f56bfc062723c751e8b465ee728b) [PhysX] Initialized MultithreadedTaskDispatcher with 12 workers.
 -> (artifact id: 'c60d01f92b85e496e617b315cfcc65d1') in 0.000559 seconds
Number of updated asset objects reloaded before import = 0
Number of asset objects unloaded after import = 0
========================================================================
Received Import Request.
  Time since last request: 2.243598 seconds.
  path: Assets/Fonts/DSEG14-Modern-MINI/DSEG14ModernMini-Bold.ttf
  artifactKey: Guid(4bb24fe6efcb9a0489ff8b0d3b5716d8) Importer(815301076,1909f56bfc062723c751e8b465ee728b)
Start importing Assets/Fonts/DSEG14-Modern-MINI/DSEG14ModernMini-Bold.ttf using Guid(4bb24fe6efcb9a0489ff8b0d3b5716d8) Importer(815301076,1909f56bfc062723c751e8b465ee728b) [PhysX] Initialized MultithreadedTaskDispatcher with 12 workers.
[PhysX] Initialized MultithreadedTaskDispatcher with 12 workers.
[PhysX] Initialized MultithreadedTaskDispatcher with 12 workers.
 -> (artifact id: '9b17a92954a9be181477e79826b0e64e') in 0.036528 seconds
Number of updated asset objects reloaded before import = 0
Number of asset objects unloaded after import = 4
========================================================================
Received Import Request.
  Time since last request: 0.000021 seconds.
  path: Assets/Fonts/DSEG14-Modern-MINI/DSEG14ModernMini-LightItalic.ttf
  artifactKey: Guid(66fecd1b57ba22947bc7718248cfc0be) Importer(815301076,1909f56bfc062723c751e8b465ee728b)
Start importing Assets/Fonts/DSEG14-Modern-MINI/DSEG14ModernMini-LightItalic.ttf using Guid(66fecd1b57ba22947bc7718248cfc0be) Importer(815301076,1909f56bfc062723c751e8b465ee728b) [PhysX] Initialized MultithreadedTaskDispatcher with 12 workers.
[PhysX] Initialized MultithreadedTaskDispatcher with 12 workers.
[PhysX] Initialized MultithreadedTaskDispatcher with 12 workers.
 -> (artifact id: '9c9fce269b6ee7e35dbb8908c14a92f6') in 0.010452 seconds
Number of updated asset objects reloaded before import = 0
Number of asset objects unloaded after import = 4
========================================================================
Received Import Request.
  Time since last request: 0.000016 seconds.
  path: Assets/Fonts/DSEG14-Modern-MINI/DSEG14ModernMini-Light.ttf
  artifactKey: Guid(10b33c239a98d0241aa88d3b0f504f3e) Importer(815301076,1909f56bfc062723c751e8b465ee728b)
Start importing Assets/Fonts/DSEG14-Modern-MINI/DSEG14ModernMini-Light.ttf using Guid(10b33c239a98d0241aa88d3b0f504f3e) Importer(815301076,1909f56bfc062723c751e8b465ee728b) [PhysX] Initialized MultithreadedTaskDispatcher with 12 workers.
[PhysX] Initialized MultithreadedTaskDispatcher with 12 workers.
[PhysX] Initialized MultithreadedTaskDispatcher with 12 workers.
 -> (artifact id: 'f66da6d1e49b3d0a393abbca225c56ad') in 0.009913 seconds
Number of updated asset objects reloaded before import = 0
Number of asset objects unloaded after import = 4
========================================================================
Received Import Request.
  Time since last request: 9.319553 seconds.
  path: Assets/Fonts/DSEG14-Modern-MINI/DSEG14ModernMini-Regular SDF.asset
  artifactKey: Guid(3ab45c28b77643d4ab09112827b27bdf) Importer(815301076,1909f56bfc062723c751e8b465ee728b)
Start importing Assets/Fonts/DSEG14-Modern-MINI/DSEG14ModernMini-Regular SDF.asset using Guid(3ab45c28b77643d4ab09112827b27bdf) Importer(815301076,1909f56bfc062723c751e8b465ee728b) [PhysX] Initialized MultithreadedTaskDispatcher with 12 workers.
[PhysX] Initialized MultithreadedTaskDispatcher with 12 workers.
[PhysX] Initialized MultithreadedTaskDispatcher with 12 workers.
 -> (artifact id: '56db7c0a6ede2c629d1320707060dbd5') in 0.100045 seconds
Number of updated asset objects reloaded before import = 0
Number of asset objects unloaded after import = 6
========================================================================
Received Import Request.
  Time since last request: 10.178830 seconds.
  path: Assets/Fonts/DSEG14-Modern-MINI/DSEG14ModernMini-Regular SDF.asset
  artifactKey: Guid(3ab45c28b77643d4ab09112827b27bdf) Importer(815301076,1909f56bfc062723c751e8b465ee728b)
Start importing Assets/Fonts/DSEG14-Modern-MINI/DSEG14ModernMini-Regular SDF.asset using Guid(3ab45c28b77643d4ab09112827b27bdf) Importer(815301076,1909f56bfc062723c751e8b465ee728b) [PhysX] Initialized MultithreadedTaskDispatcher with 12 workers.
[PhysX] Initialized MultithreadedTaskDispatcher with 12 workers.
[PhysX] Initialized MultithreadedTaskDispatcher with 12 workers.
 -> (artifact id: '9984f5393442b56d97a7edfd4d3b0d97') in 0.095674 seconds
Number of updated asset objects reloaded before import = 0
Number of asset objects unloaded after import = 6
========================================================================
Received Import Request.
  Time since last request: 24.416345 seconds.
  path: Assets/Fonts/DSEG14-Classic-MINI
  artifactKey: Guid(6051ebb2adaf68840a8aabed1f480796) Importer(815301076,1909f56bfc062723c751e8b465ee728b)
Start importing Assets/Fonts/DSEG14-Classic-MINI using Guid(6051ebb2adaf68840a8aabed1f480796) Importer(815301076,1909f56bfc062723c751e8b465ee728b) [PhysX] Initialized MultithreadedTaskDispatcher with 12 workers.
 -> (artifact id: '1a2fdd7cf4f523e9c74747a9aba6031b') in 0.000599 seconds
Number of updated asset objects reloaded before import = 0
Number of asset objects unloaded after import = 0
========================================================================
Received Import Request.
  Time since last request: 1.148104 seconds.
  path: Assets/Fonts/DSEG14-Classic
  artifactKey: Guid(3aca3c311d36a7b48ae6e8f575d78bbe) Importer(815301076,1909f56bfc062723c751e8b465ee728b)
Start importing Assets/Fonts/DSEG14-Classic using Guid(3aca3c311d36a7b48ae6e8f575d78bbe) Importer(815301076,1909f56bfc062723c751e8b465ee728b) [PhysX] Initialized MultithreadedTaskDispatcher with 12 workers.
 -> (artifact id: 'e526b896c6cfbff64b98e4c2e4e27666') in 0.000552 seconds
Number of updated asset objects reloaded before import = 0
Number of asset objects unloaded after import = 0
========================================================================
Received Import Request.
  Time since last request: 0.908847 seconds.
  path: Assets/Fonts/DSEG7-Modern-MINI
  artifactKey: Guid(ce4a77b41c55e094b86873e8e91511ae) Importer(815301076,1909f56bfc062723c751e8b465ee728b)
Start importing Assets/Fonts/DSEG7-Modern-MINI using Guid(ce4a77b41c55e094b86873e8e91511ae) Importer(815301076,1909f56bfc062723c751e8b465ee728b) [PhysX] Initialized MultithreadedTaskDispatcher with 12 workers.
 -> (artifact id: 'ae1ea7530fa206ec6a13723c853da6f7') in 0.000634 seconds
Number of updated asset objects reloaded before import = 0
Number of asset objects unloaded after import = 0
========================================================================
Received Import Request.
  Time since last request: 3.926749 seconds.
  path: Assets/Fonts/DSEG7-Modern-MINI/DSEG7ModernMini-Bold.ttf
  artifactKey: Guid(e61a5db280581cc45b23b199b0763e59) Importer(815301076,1909f56bfc062723c751e8b465ee728b)
Start importing Assets/Fonts/DSEG7-Modern-MINI/DSEG7ModernMini-Bold.ttf using Guid(e61a5db280581cc45b23b199b0763e59) Importer(815301076,1909f56bfc062723c751e8b465ee728b) [PhysX] Initialized MultithreadedTaskDispatcher with 12 workers.
[PhysX] Initialized MultithreadedTaskDispatcher with 12 workers.
[PhysX] Initialized MultithreadedTaskDispatcher with 12 workers.
 -> (artifact id: '97b6b637d631753e19fbf1f16448b773') in 0.011878 seconds
Number of updated asset objects reloaded before import = 0
Number of asset objects unloaded after import = 4
========================================================================
Received Import Request.
  Time since last request: 0.000015 seconds.
  path: Assets/Fonts/DSEG7-Modern-MINI/DSEG7ModernMini-Regular.ttf
  artifactKey: Guid(d78990f3359c7a64f922952c2df21866) Importer(815301076,1909f56bfc062723c751e8b465ee728b)
Start importing Assets/Fonts/DSEG7-Modern-MINI/DSEG7ModernMini-Regular.ttf using Guid(d78990f3359c7a64f922952c2df21866) Importer(815301076,1909f56bfc062723c751e8b465ee728b) [PhysX] Initialized MultithreadedTaskDispatcher with 12 workers.
[PhysX] Initialized MultithreadedTaskDispatcher with 12 workers.
[PhysX] Initialized MultithreadedTaskDispatcher with 12 workers.
 -> (artifact id: 'bc9f34e88b3a11ebb22a183d9eadec78') in 0.013655 seconds
Number of updated asset objects reloaded before import = 0
Number of asset objects unloaded after import = 4
========================================================================
Received Import Request.
  Time since last request: 7.381012 seconds.
  path: Assets/Fonts/DSEG7-Modern-MINI/DSEG7ModernMini-Regular SDF.asset
  artifactKey: Guid(61ab1515b2db7e64ca242185a22ff0e7) Importer(815301076,1909f56bfc062723c751e8b465ee728b)
Start importing Assets/Fonts/DSEG7-Modern-MINI/DSEG7ModernMini-Regular SDF.asset using Guid(61ab1515b2db7e64ca242185a22ff0e7) Importer(815301076,1909f56bfc062723c751e8b465ee728b) [PhysX] Initialized MultithreadedTaskDispatcher with 12 workers.
[PhysX] Initialized MultithreadedTaskDispatcher with 12 workers.
[PhysX] Initialized MultithreadedTaskDispatcher with 12 workers.
 -> (artifact id: '7654b186017f4e42980a3077b9249208') in 0.101992 seconds
Number of updated asset objects reloaded before import = 0
Number of asset objects unloaded after import = 6
========================================================================
Received Import Request.
  Time since last request: 186.987049 seconds.
  path: Assets/Fonts/DSEG7-Modern-MINI/DSEG7ModernMini-Regular SDF.asset
  artifactKey: Guid(61ab1515b2db7e64ca242185a22ff0e7) Importer(815301076,1909f56bfc062723c751e8b465ee728b)
Start importing Assets/Fonts/DSEG7-Modern-MINI/DSEG7ModernMini-Regular SDF.asset using Guid(61ab1515b2db7e64ca242185a22ff0e7) Importer(815301076,1909f56bfc062723c751e8b465ee728b) [PhysX] Initialized MultithreadedTaskDispatcher with 12 workers.
[PhysX] Initialized MultithreadedTaskDispatcher with 12 workers.
[PhysX] Initialized MultithreadedTaskDispatcher with 12 workers.
 -> (artifact id: '1b4e9d7845332cb83fbc0ca3c3b04382') in 0.067124 seconds
Number of updated asset objects reloaded before import = 0
Number of asset objects unloaded after import = 6
